


ARM Macro Assembler    Page 1 


    1 00000000                 AREA             SUMOF10, CODE, READONLY
    2 00000000         ENTRY
    3 00000000 E3A0000A        MOV              R0, #10
    4 00000004 E3A01000        MOV              R1, #0
    5 00000008         LOOP
    6 00000008 E0801001        ADD              R1, R0, R1
    7 0000000C E2500001        SUBS             R0, R0, #1
    8 00000010 1AFFFFFC        BNE              LOOP
    9 00000014 EAFFFFFE 
                       STOP    B                STOP
   10 00000018                 END
Command Line: --debug --xref --apcs=interwork --depend=code2.d -ocode2.o -IC:\K
eil\ARM\RV31\Inc -IC:\Keil\ARM\CMSIS\Include -IC:\Keil\ARM\Inc\Philips --predef
ine="__EVAL SETA 1" --list=code2.lst code2.asm



ARM Macro Assembler    Page 1 Alphabetic symbol ordering
Relocatable symbols

ENTRY 00000000

Symbol: ENTRY
   Definitions
      At line 2 in file code2.asm
   Uses
      None
Comment: ENTRY unused
LOOP 00000008

Symbol: LOOP
   Definitions
      At line 5 in file code2.asm
   Uses
      At line 8 in file code2.asm
Comment: LOOP used once
STOP 00000014

Symbol: STOP
   Definitions
      At line 9 in file code2.asm
   Uses
      At line 9 in file code2.asm
Comment: STOP used once
SUMOF10 00000000

Symbol: SUMOF10
   Definitions
      At line 1 in file code2.asm
   Uses
      None
Comment: SUMOF10 unused
4 symbols
335 symbols in table
