<html>
<body>
<pre>
<h1>µVision Build Log</h1>
<h2>Project:</h2>
C:\Users\Aashish Nandakumar\Desktop\ARM\program8_LargestInArray\code8.uvproj
Project File Date:  <unknown>

<h2>Output:</h2>
Build target 'Target 1'
assembling code8.asm...
code8.asm(5): error: A1662E: Cannot specify a data type on this register type
Target not created
Build target 'Target 1'
assembling code8.asm...
linking...
Program Size: Code=64 RO-data=0 RW-data=0 ZI-data=0  
"code8.axf" - 0 Error(s), 0 Warning(s).
Build target 'Target 1'
assembling code8.asm...
linking...
Program Size: Code=64 RO-data=0 RW-data=0 ZI-data=0  
"code8.axf" - 0 Error(s), 0 Warning(s).
