<html>
<body>
<pre>
<h1>µVision Build Log</h1>
<h2>Project:</h2>
C:\Users\Aashish Nandakumar\Desktop\ARM\program7_CountNoOf1sand0s\code7.uvproj
Project File Date:  <unknown>

<h2>Output:</h2>
Build target 'Target 1'
assembling code7.asm...
linking...
Program Size: Code=36 RO-data=0 RW-data=0 ZI-data=0  
"code7.axf" - 0 Error(s), 0 Warning(s).
Build target 'Target 1'
assembling code7.asm...
linking...
Program Size: Code=36 RO-data=0 RW-data=0 ZI-data=0  
"code7.axf" - 0 Error(s), 0 Warning(s).
Build target 'Target 1'
assembling code7.asm...
linking...
Program Size: Code=36 RO-data=0 RW-data=0 ZI-data=0  
"code7.axf" - 0 Error(s), 0 Warning(s).
