<html>
<body>
<pre>
<h1>µVision Build Log</h1>
<h2>Project:</h2>
C:\Users\Aashish Nandakumar\Desktop\ARM\demo\demo1.uvproj
Project File Date:  <unknown>

<h2>Output:</h2>
Build target 'Target 1'
assembling demo1.asm...
demo1.asm(2): warning: A1313W: Missing END directive at end of file
linking...
demo1.axf: Error: L6206E: Entry point (0x00000000) lies outside the image.
Target not created
Build target 'Target 1'
assembling demo1.asm...
linking...
Program Size: Code=28 RO-data=0 RW-data=0 ZI-data=0  
"demo1.axf" - 0 Error(s), 0 Warning(s).
Build target 'Target 1'
linking...
Program Size: Code=28 RO-data=0 RW-data=0 ZI-data=0  
"demo1.axf" - 0 Error(s), 0 Warning(s).
