


ARM Macro Assembler    Page 1 


    1 00000000                 AREA             FACT, CODE, READONLY
    2 00000000         ENTRY
    3 00000000 E3A00004        MOV              R0, #4      ; TELLS UPTO WHICH 
                                                            VALUE WE NEED TO CA
                                                            LCULATE THE FACTORI
                                                            AL
    4 00000004 E3A01001        MOV              R1, #1      ; HOLDS THE RESULT
    5 00000008         LOOP
    6 00000008 E0020190        MUL              R2, R0, R1
    7 0000000C E1A01002        MOV              R1, R2
    8 00000010 E2500001        SUBS             R0, R0, #1
    9 00000014 1AFFFFFB        BNE              LOOP
   10 00000018 EAFFFFFE 
                       STOP    B                STOP
   11 0000001C                 END
Command Line: --debug --xref --apcs=interwork --depend=demo1.d -odemo1.o -IC:\K
eil\ARM\RV31\Inc -IC:\Keil\ARM\CMSIS\Include -IC:\Keil\ARM\Inc\Philips --predef
ine="__EVAL SETA 1" --list=demo1.lst demo1.asm



ARM Macro Assembler    Page 1 Alphabetic symbol ordering
Relocatable symbols

ENTRY 00000000

Symbol: ENTRY
   Definitions
      At line 2 in file demo1.asm
   Uses
      None
Comment: ENTRY unused
FACT 00000000

Symbol: FACT
   Definitions
      At line 1 in file demo1.asm
   Uses
      None
Comment: FACT unused
LOOP 00000008

Symbol: LOOP
   Definitions
      At line 5 in file demo1.asm
   Uses
      At line 9 in file demo1.asm
Comment: LOOP used once
STOP 00000018

Symbol: STOP
   Definitions
      At line 10 in file demo1.asm
   Uses
      At line 10 in file demo1.asm
Comment: STOP used once
4 symbols
335 symbols in table
