<html>
<body>
<pre>
<h1>µVision Build Log</h1>
<h2>Project:</h2>
C:\Users\Aashish Nandakumar\Desktop\ARM\3_ADDNOSFROMARRAY\code3.uvproj
Project File Date:  <unknown>

<h2>Output:</h2>
Build target 'Target 1'
assembling code3.asm...
code3.asm(1): error: A1137E: Unexpected characters at end of line
code3.asm(3): error: A1186E: Code generated in data area
code3.asm(4): error: A1186E: Code generated in data area
code3.asm(5): error: A1186E: Code generated in data area
code3.asm(6): error: A1186E: Code generated in data area
code3.asm(8): error: A1186E: Code generated in data area
code3.asm(9): error: A1186E: Code generated in data area
code3.asm(10): error: A1186E: Code generated in data area
code3.asm(11): error: A1186E: Code generated in data area
code3.asm(12): error: A1186E: Code generated in data area
code3.asm(13): error: A1186E: Code generated in data area
Target not created
Build target 'Target 1'
assembling code3.asm...
linking...
Program Size: Code=72 RO-data=0 RW-data=4 ZI-data=0  
"code3.axf" - 0 Error(s), 0 Warning(s).
